{
  "bin": {
    "on-scripts": "./bin/on-server-scripts.js"
  },
  "dependencies": {
    "@asciidoctor/core": "2.2.0",
    "@asciidoctor/docbook-converter": "2.0.0",
    "@babel/cli": "7.12.1",
    "@babel/core": "7.12.3",
    "@babel/node": "7.12.6",
    "@babel/plugin-transform-runtime": "7.12.1",
    "@babel/preset-env": "7.12.1",
    "mkdirp": "^1.0.4",
    "rimraf": "^3.0.2"
  },
  "devDependencies": {
    "@babel/core": "7.12.3",
    "@babel/node": "7.12.6",
    "@rikern/e2e-tools-doc": "^1.4.142",
    "copy-dir": "^1.3.0"
  },
  "files": [
    "lib/**/*"
  ],
  "license": "Deutsche Bahn",
  "main": "lib/index.js",
  "name": "@rikern/gumbo",
  "other": {
    "b": "2"
  },
  "scripts": {
    "build": "build mich",
    "clean": "rimraf lib && rimraf docMd && rimraf coverage",
    "prepareInit": "npx on-scripts prepareInit",
    "prepareSonarProperties": "npx on-scripts prepareSonarProperties",
    "prepareWhitesourceProperties": "npx on-scripts prepareWhitesourceProperties"
  },
  "version": "0815"
}
