{
  "bin": {
    "on-scripts": "./bin/on-server-scripts.js"
  },
  "dependencies": {
    "@asciidoctor/core": "2.2.0",
    "@asciidoctor/docbook-converter": "2.0.0",
    "@babel/cli": "7.12.1",
    "@babel/core": "7.12.3",
    "@babel/node": "7.12.6",
    "@babel/plugin-transform-runtime": "7.12.1",
    "@babel/preset-env": "7.12.1",
    "@babel/runtime": "0.0.0",
    "core-js": "0.0.0",
    "mkdirp": "^1.0.4",
    "rimraf": "^3.0.2"
  },
  "devDependencies": {
    "@asciidoctor/core": "2.2.0",
    "@asciidoctor/docbook-converter": "2.0.0",
    "@babel/cli": "7.12.1",
    "@babel/core": "7.12.3",
    "@babel/node": "7.12.6",
    "@rikern/e2e-tools-doc": "^1.4.142",
    "@rikern/e2e-tools-service": "0.0.0",
    "copy-dir": "^1.3.0"
  },
  "files": [
    "lib/**/*"
  ],
  "license": "Deutsche Bahn",
  "main": "lib/index.js",
  "name": "@rikern/gumbo",
  "other": {
    "a": "1",
    "b": "2",
    "c": "4"
  },
  "scripts": {
    "build": "build mich",
    "clean": "rimraf lib && rimraf docMd && rimraf coverage",
    "debug": "yarn build && node --inspect-brk ./node_modules/.bin/jest -i --config=./jest.config.json",
    "doc": "yarn docApi && yarn docAsciidoc",
    "prepareInit": "npx on-scripts prepareInit",
    "prepareSonarProperties": "npx on-scripts prepareSonarProperties",
    "prepareWhitesourceProperties": "npx on-scripts prepareWhitesourceProperties",
    "sonar": "npx sonar-scanner -Dsonar.host.url=https://sonar.reisendeninfo.aws.db.de/"
  },
  "version": "0815",
  "description": "",
  "gumbo": [
    "val 1",
    "val 2",
    "val 3",
    "val 4"
  ]
}
